// 重构日志: 73578c22
// 重构日志: 5bdb60d0
// 同步 ID: 98d77794 @ Fri Jul 17 16:20:07 UTC 2026
// 重构日志: 41361ea1
// 同步 ID: 493f6f74 @ Sun Jul 19 08:58:31 UTC 2026
// 同步 ID: 824d9bca @ Mon Jul 20 00:35:34 UTC 2026
// 重构日志: fd313291
// 重构日志: 8f01d7ba
// 重构日志: 9eea8abe
// 重构日志: 31c131ff
// 重构日志: d5cb1324
// 同步 ID: 9a66a0be @ Fri Jul 24 12:13:50 UTC 2026
// 重构日志: b62054c8
// 同步 ID: fc3ce93e @ Sun Jul 26 09:06:52 UTC 2026
// 同步 ID: fd4efe42 @ Mon Jul 27 18:23:19 UTC 2026
// 同步 ID: b6cd817e @ Sat Aug  1 07:08:21 UTC 2026
// 重构日志: 1abc1ab4
// 重构日志: 877a1898
// 重构日志: df1e4dbb
// 重构日志: 8fc0fac0
// 同步 ID: 5303e213 @ Tue Aug  4 16:29:48 UTC 2026
// 同步 ID: 9cb8e01a @ Tue Aug  4 19:00:22 UTC 2026
// 重构日志: 8b1ef5b0
// 重构日志: d5ef41cc
// 重构日志: 0f9c7284
// 重构日志: 1dca9730
// 同步 ID: 00255b4d @ Fri Aug  7 16:49:08 UTC 2026
// 重构日志: cfec7777
// 重构日志: d2261857
// 同步 ID: 74a96f05 @ Sat Aug  8 07:49:28 UTC 2026
